[12-Apr-2025 03:30:08 America/New_York] PHP Warning:  Trying to access array offset on value of type null in C:\xampp\htdocs\projectint219\parent_dashboard.php on line 385
[12-Apr-2025 03:30:08 America/New_York] PHP Deprecated:  htmlspecialchars(): Passing null to parameter #1 ($string) of type string is deprecated in C:\xampp\htdocs\projectint219\parent_dashboard.php on line 385
[12-Apr-2025 03:30:08 America/New_York] PHP Warning:  Trying to access array offset on value of type null in C:\xampp\htdocs\projectint219\parent_dashboard.php on line 387
[12-Apr-2025 03:30:08 America/New_York] PHP Deprecated:  htmlspecialchars(): Passing null to parameter #1 ($string) of type string is deprecated in C:\xampp\htdocs\projectint219\parent_dashboard.php on line 387
[12-Apr-2025 03:30:08 America/New_York] PHP Warning:  Trying to access array offset on value of type null in C:\xampp\htdocs\projectint219\parent_dashboard.php on line 388
[12-Apr-2025 03:30:08 America/New_York] PHP Deprecated:  htmlspecialchars(): Passing null to parameter #1 ($string) of type string is deprecated in C:\xampp\htdocs\projectint219\parent_dashboard.php on line 388
[12-Apr-2025 03:30:08 America/New_York] PHP Warning:  Trying to access array offset on value of type null in C:\xampp\htdocs\projectint219\parent_dashboard.php on line 510
[12-Apr-2025 03:30:08 America/New_York] PHP Deprecated:  htmlspecialchars(): Passing null to parameter #1 ($string) of type string is deprecated in C:\xampp\htdocs\projectint219\parent_dashboard.php on line 510
[12-Apr-2025 03:30:08 America/New_York] PHP Warning:  Trying to access array offset on value of type null in C:\xampp\htdocs\projectint219\parent_dashboard.php on line 510
[12-Apr-2025 03:30:08 America/New_York] PHP Deprecated:  htmlspecialchars(): Passing null to parameter #1 ($string) of type string is deprecated in C:\xampp\htdocs\projectint219\parent_dashboard.php on line 510
[12-Apr-2025 07:30:22 UTC] PHP Fatal error:  Uncaught mysqli_sql_exception: Table 'student_portal.teachers' doesn't exist in C:\xampp\htdocs\projectint219\parent_api.php:124
Stack trace:
#0 C:\xampp\htdocs\projectint219\parent_api.php(124): mysqli->prepare('SELECT DISTINCT...')
#1 {main}
  thrown in C:\xampp\htdocs\projectint219\parent_api.php on line 124
[12-Apr-2025 07:30:59 UTC] PHP Fatal error:  Uncaught mysqli_sql_exception: Table 'student_portal.teachers' doesn't exist in C:\xampp\htdocs\projectint219\parent_api.php:124
Stack trace:
#0 C:\xampp\htdocs\projectint219\parent_api.php(124): mysqli->prepare('SELECT DISTINCT...')
#1 {main}
  thrown in C:\xampp\htdocs\projectint219\parent_api.php on line 124
[12-Apr-2025 03:33:30 America/New_York] PHP Warning:  Trying to access array offset on value of type null in C:\xampp\htdocs\projectint219\parent_dashboard.php on line 385
[12-Apr-2025 03:33:30 America/New_York] PHP Deprecated:  htmlspecialchars(): Passing null to parameter #1 ($string) of type string is deprecated in C:\xampp\htdocs\projectint219\parent_dashboard.php on line 385
[12-Apr-2025 03:33:30 America/New_York] PHP Warning:  Trying to access array offset on value of type null in C:\xampp\htdocs\projectint219\parent_dashboard.php on line 387
[12-Apr-2025 03:33:30 America/New_York] PHP Deprecated:  htmlspecialchars(): Passing null to parameter #1 ($string) of type string is deprecated in C:\xampp\htdocs\projectint219\parent_dashboard.php on line 387
[12-Apr-2025 03:33:30 America/New_York] PHP Warning:  Trying to access array offset on value of type null in C:\xampp\htdocs\projectint219\parent_dashboard.php on line 388
[12-Apr-2025 03:33:30 America/New_York] PHP Deprecated:  htmlspecialchars(): Passing null to parameter #1 ($string) of type string is deprecated in C:\xampp\htdocs\projectint219\parent_dashboard.php on line 388
[12-Apr-2025 03:33:30 America/New_York] PHP Warning:  Trying to access array offset on value of type null in C:\xampp\htdocs\projectint219\parent_dashboard.php on line 510
[12-Apr-2025 03:33:30 America/New_York] PHP Deprecated:  htmlspecialchars(): Passing null to parameter #1 ($string) of type string is deprecated in C:\xampp\htdocs\projectint219\parent_dashboard.php on line 510
[12-Apr-2025 03:33:30 America/New_York] PHP Warning:  Trying to access array offset on value of type null in C:\xampp\htdocs\projectint219\parent_dashboard.php on line 510
[12-Apr-2025 03:33:30 America/New_York] PHP Deprecated:  htmlspecialchars(): Passing null to parameter #1 ($string) of type string is deprecated in C:\xampp\htdocs\projectint219\parent_dashboard.php on line 510
[13-Apr-2025 04:43:20 America/New_York] PHP Warning:  Undefined array key "last_login" in C:\xampp\htdocs\projectint219\teacher_dashboard.php on line 954
[13-Apr-2025 04:43:20 America/New_York] PHP Deprecated:  strtotime(): Passing null to parameter #1 ($datetime) of type string is deprecated in C:\xampp\htdocs\projectint219\teacher_dashboard.php on line 954
[13-Apr-2025 04:54:19 America/New_York] PHP Warning:  Trying to access array offset on value of type null in C:\xampp\htdocs\projectint219\parent_dashboard.php on line 385
[13-Apr-2025 04:54:19 America/New_York] PHP Deprecated:  htmlspecialchars(): Passing null to parameter #1 ($string) of type string is deprecated in C:\xampp\htdocs\projectint219\parent_dashboard.php on line 385
[13-Apr-2025 04:54:19 America/New_York] PHP Warning:  Trying to access array offset on value of type null in C:\xampp\htdocs\projectint219\parent_dashboard.php on line 387
[13-Apr-2025 04:54:19 America/New_York] PHP Deprecated:  htmlspecialchars(): Passing null to parameter #1 ($string) of type string is deprecated in C:\xampp\htdocs\projectint219\parent_dashboard.php on line 387
[13-Apr-2025 04:54:19 America/New_York] PHP Warning:  Trying to access array offset on value of type null in C:\xampp\htdocs\projectint219\parent_dashboard.php on line 388
[13-Apr-2025 04:54:19 America/New_York] PHP Deprecated:  htmlspecialchars(): Passing null to parameter #1 ($string) of type string is deprecated in C:\xampp\htdocs\projectint219\parent_dashboard.php on line 388
[13-Apr-2025 04:54:19 America/New_York] PHP Warning:  Trying to access array offset on value of type null in C:\xampp\htdocs\projectint219\parent_dashboard.php on line 510
[13-Apr-2025 04:54:19 America/New_York] PHP Deprecated:  htmlspecialchars(): Passing null to parameter #1 ($string) of type string is deprecated in C:\xampp\htdocs\projectint219\parent_dashboard.php on line 510
[13-Apr-2025 04:54:19 America/New_York] PHP Warning:  Trying to access array offset on value of type null in C:\xampp\htdocs\projectint219\parent_dashboard.php on line 510
[13-Apr-2025 04:54:19 America/New_York] PHP Deprecated:  htmlspecialchars(): Passing null to parameter #1 ($string) of type string is deprecated in C:\xampp\htdocs\projectint219\parent_dashboard.php on line 510
[13-Apr-2025 07:53:02 America/New_York] PHP Warning:  Trying to access array offset on value of type null in C:\xampp\htdocs\projectint219\parent_dashboard.php on line 674
[13-Apr-2025 07:53:02 America/New_York] PHP Deprecated:  urlencode(): Passing null to parameter #1 ($string) of type string is deprecated in C:\xampp\htdocs\projectint219\parent_dashboard.php on line 674
[13-Apr-2025 07:53:02 America/New_York] PHP Warning:  Trying to access array offset on value of type null in C:\xampp\htdocs\projectint219\parent_dashboard.php on line 676
[13-Apr-2025 07:53:02 America/New_York] PHP Deprecated:  htmlspecialchars(): Passing null to parameter #1 ($string) of type string is deprecated in C:\xampp\htdocs\projectint219\parent_dashboard.php on line 676
[13-Apr-2025 07:53:02 America/New_York] PHP Warning:  Trying to access array offset on value of type null in C:\xampp\htdocs\projectint219\parent_dashboard.php on line 678
[13-Apr-2025 07:53:02 America/New_York] PHP Deprecated:  htmlspecialchars(): Passing null to parameter #1 ($string) of type string is deprecated in C:\xampp\htdocs\projectint219\parent_dashboard.php on line 678
[13-Apr-2025 07:53:02 America/New_York] PHP Warning:  Trying to access array offset on value of type null in C:\xampp\htdocs\projectint219\parent_dashboard.php on line 679
[13-Apr-2025 07:53:02 America/New_York] PHP Deprecated:  htmlspecialchars(): Passing null to parameter #1 ($string) of type string is deprecated in C:\xampp\htdocs\projectint219\parent_dashboard.php on line 679
[13-Apr-2025 07:53:02 America/New_York] PHP Warning:  Trying to access array offset on value of type null in C:\xampp\htdocs\projectint219\parent_dashboard.php on line 959
[13-Apr-2025 07:53:02 America/New_York] PHP Deprecated:  htmlspecialchars(): Passing null to parameter #1 ($string) of type string is deprecated in C:\xampp\htdocs\projectint219\parent_dashboard.php on line 959
[13-Apr-2025 07:53:02 America/New_York] PHP Warning:  Trying to access array offset on value of type null in C:\xampp\htdocs\projectint219\parent_dashboard.php on line 959
[13-Apr-2025 07:53:02 America/New_York] PHP Deprecated:  htmlspecialchars(): Passing null to parameter #1 ($string) of type string is deprecated in C:\xampp\htdocs\projectint219\parent_dashboard.php on line 959
[13-Apr-2025 07:54:22 America/New_York] PHP Warning:  Trying to access array offset on value of type null in C:\xampp\htdocs\projectint219\parent_dashboard.php on line 674
[13-Apr-2025 07:54:22 America/New_York] PHP Deprecated:  urlencode(): Passing null to parameter #1 ($string) of type string is deprecated in C:\xampp\htdocs\projectint219\parent_dashboard.php on line 674
[13-Apr-2025 07:54:22 America/New_York] PHP Warning:  Trying to access array offset on value of type null in C:\xampp\htdocs\projectint219\parent_dashboard.php on line 676
[13-Apr-2025 07:54:22 America/New_York] PHP Deprecated:  htmlspecialchars(): Passing null to parameter #1 ($string) of type string is deprecated in C:\xampp\htdocs\projectint219\parent_dashboard.php on line 676
[13-Apr-2025 07:54:22 America/New_York] PHP Warning:  Trying to access array offset on value of type null in C:\xampp\htdocs\projectint219\parent_dashboard.php on line 678
[13-Apr-2025 07:54:23 America/New_York] PHP Deprecated:  htmlspecialchars(): Passing null to parameter #1 ($string) of type string is deprecated in C:\xampp\htdocs\projectint219\parent_dashboard.php on line 678
[13-Apr-2025 07:54:23 America/New_York] PHP Warning:  Trying to access array offset on value of type null in C:\xampp\htdocs\projectint219\parent_dashboard.php on line 679
[13-Apr-2025 07:54:23 America/New_York] PHP Deprecated:  htmlspecialchars(): Passing null to parameter #1 ($string) of type string is deprecated in C:\xampp\htdocs\projectint219\parent_dashboard.php on line 679
[13-Apr-2025 07:54:23 America/New_York] PHP Warning:  Trying to access array offset on value of type null in C:\xampp\htdocs\projectint219\parent_dashboard.php on line 959
[13-Apr-2025 07:54:23 America/New_York] PHP Deprecated:  htmlspecialchars(): Passing null to parameter #1 ($string) of type string is deprecated in C:\xampp\htdocs\projectint219\parent_dashboard.php on line 959
[13-Apr-2025 07:54:23 America/New_York] PHP Warning:  Trying to access array offset on value of type null in C:\xampp\htdocs\projectint219\parent_dashboard.php on line 959
[13-Apr-2025 07:54:23 America/New_York] PHP Deprecated:  htmlspecialchars(): Passing null to parameter #1 ($string) of type string is deprecated in C:\xampp\htdocs\projectint219\parent_dashboard.php on line 959
[13-Apr-2025 07:54:45 America/New_York] PHP Warning:  Trying to access array offset on value of type null in C:\xampp\htdocs\projectint219\parent_dashboard.php on line 385
[13-Apr-2025 07:54:45 America/New_York] PHP Deprecated:  htmlspecialchars(): Passing null to parameter #1 ($string) of type string is deprecated in C:\xampp\htdocs\projectint219\parent_dashboard.php on line 385
[13-Apr-2025 07:54:45 America/New_York] PHP Warning:  Trying to access array offset on value of type null in C:\xampp\htdocs\projectint219\parent_dashboard.php on line 387
[13-Apr-2025 07:54:45 America/New_York] PHP Deprecated:  htmlspecialchars(): Passing null to parameter #1 ($string) of type string is deprecated in C:\xampp\htdocs\projectint219\parent_dashboard.php on line 387
[13-Apr-2025 07:54:45 America/New_York] PHP Warning:  Trying to access array offset on value of type null in C:\xampp\htdocs\projectint219\parent_dashboard.php on line 388
[13-Apr-2025 07:54:45 America/New_York] PHP Deprecated:  htmlspecialchars(): Passing null to parameter #1 ($string) of type string is deprecated in C:\xampp\htdocs\projectint219\parent_dashboard.php on line 388
[13-Apr-2025 07:54:45 America/New_York] PHP Warning:  Trying to access array offset on value of type null in C:\xampp\htdocs\projectint219\parent_dashboard.php on line 510
[13-Apr-2025 07:54:45 America/New_York] PHP Deprecated:  htmlspecialchars(): Passing null to parameter #1 ($string) of type string is deprecated in C:\xampp\htdocs\projectint219\parent_dashboard.php on line 510
[13-Apr-2025 07:54:45 America/New_York] PHP Warning:  Trying to access array offset on value of type null in C:\xampp\htdocs\projectint219\parent_dashboard.php on line 510
[13-Apr-2025 07:54:45 America/New_York] PHP Deprecated:  htmlspecialchars(): Passing null to parameter #1 ($string) of type string is deprecated in C:\xampp\htdocs\projectint219\parent_dashboard.php on line 510
[13-Apr-2025 07:57:48 America/New_York] PHP Warning:  Trying to access array offset on value of type null in C:\xampp\htdocs\projectint219\parent_dashboard.php on line 385
[13-Apr-2025 07:57:48 America/New_York] PHP Deprecated:  htmlspecialchars(): Passing null to parameter #1 ($string) of type string is deprecated in C:\xampp\htdocs\projectint219\parent_dashboard.php on line 385
[13-Apr-2025 07:57:48 America/New_York] PHP Warning:  Trying to access array offset on value of type null in C:\xampp\htdocs\projectint219\parent_dashboard.php on line 387
[13-Apr-2025 07:57:48 America/New_York] PHP Deprecated:  htmlspecialchars(): Passing null to parameter #1 ($string) of type string is deprecated in C:\xampp\htdocs\projectint219\parent_dashboard.php on line 387
[13-Apr-2025 07:57:48 America/New_York] PHP Warning:  Trying to access array offset on value of type null in C:\xampp\htdocs\projectint219\parent_dashboard.php on line 388
[13-Apr-2025 07:57:48 America/New_York] PHP Deprecated:  htmlspecialchars(): Passing null to parameter #1 ($string) of type string is deprecated in C:\xampp\htdocs\projectint219\parent_dashboard.php on line 388
[13-Apr-2025 07:57:48 America/New_York] PHP Warning:  Trying to access array offset on value of type null in C:\xampp\htdocs\projectint219\parent_dashboard.php on line 510
[13-Apr-2025 07:57:48 America/New_York] PHP Deprecated:  htmlspecialchars(): Passing null to parameter #1 ($string) of type string is deprecated in C:\xampp\htdocs\projectint219\parent_dashboard.php on line 510
[13-Apr-2025 07:57:48 America/New_York] PHP Warning:  Trying to access array offset on value of type null in C:\xampp\htdocs\projectint219\parent_dashboard.php on line 510
[13-Apr-2025 07:57:48 America/New_York] PHP Deprecated:  htmlspecialchars(): Passing null to parameter #1 ($string) of type string is deprecated in C:\xampp\htdocs\projectint219\parent_dashboard.php on line 510
[13-Apr-2025 07:58:35 America/New_York] PHP Warning:  Trying to access array offset on value of type null in C:\xampp\htdocs\projectint219\parent_dashboard.php on line 385
[13-Apr-2025 07:58:35 America/New_York] PHP Deprecated:  htmlspecialchars(): Passing null to parameter #1 ($string) of type string is deprecated in C:\xampp\htdocs\projectint219\parent_dashboard.php on line 385
[13-Apr-2025 07:58:35 America/New_York] PHP Warning:  Trying to access array offset on value of type null in C:\xampp\htdocs\projectint219\parent_dashboard.php on line 387
[13-Apr-2025 07:58:35 America/New_York] PHP Deprecated:  htmlspecialchars(): Passing null to parameter #1 ($string) of type string is deprecated in C:\xampp\htdocs\projectint219\parent_dashboard.php on line 387
[13-Apr-2025 07:58:35 America/New_York] PHP Warning:  Trying to access array offset on value of type null in C:\xampp\htdocs\projectint219\parent_dashboard.php on line 388
[13-Apr-2025 07:58:35 America/New_York] PHP Deprecated:  htmlspecialchars(): Passing null to parameter #1 ($string) of type string is deprecated in C:\xampp\htdocs\projectint219\parent_dashboard.php on line 388
[13-Apr-2025 07:58:35 America/New_York] PHP Warning:  Trying to access array offset on value of type null in C:\xampp\htdocs\projectint219\parent_dashboard.php on line 510
[13-Apr-2025 07:58:35 America/New_York] PHP Deprecated:  htmlspecialchars(): Passing null to parameter #1 ($string) of type string is deprecated in C:\xampp\htdocs\projectint219\parent_dashboard.php on line 510
[13-Apr-2025 07:58:35 America/New_York] PHP Warning:  Trying to access array offset on value of type null in C:\xampp\htdocs\projectint219\parent_dashboard.php on line 510
[13-Apr-2025 07:58:35 America/New_York] PHP Deprecated:  htmlspecialchars(): Passing null to parameter #1 ($string) of type string is deprecated in C:\xampp\htdocs\projectint219\parent_dashboard.php on line 510
